
=== 2026-08-17 20:44:08 · PLAN-054 encode arctic · 간격 0.22s ===
  [B8] 문서 40,956건 · 신규 40,956 · 캐시 재사용 0 · 절단 13 · 간격 0.22s
    100/40,956 · 4.1 req/s · 남은 166분
    200/40,956 · 4.3 req/s · 남은 157분
    300/40,956 · 4.4 req/s · 남은 154분
    400/40,956 · 4.4 req/s · 남은 153분
    500/40,956 · 4.4 req/s · 남은 152분
    600/40,956 · 4.5 req/s · 남은 151분
    700/40,956 · 4.5 req/s · 남은 150분
    800/40,956 · 4.5 req/s · 남은 149분
    900/40,956 · 4.4 req/s · 남은 151분
    1,000/40,956 · 4.3 req/s · 남은 153분
    1,100/40,956 · 4.4 req/s · 남은 152분
    1,200/40,956 · 4.4 req/s · 남은 151분
    1,300/40,956 · 4.4 req/s · 남은 151분
    1,400/40,956 · 4.4 req/s · 남은 150분
    1,500/40,956 · 4.4 req/s · 남은 149분
    1,600/40,956 · 4.4 req/s · 남은 149분
    1,700/40,956 · 4.4 req/s · 남은 148분
    1,800/40,956 · 4.4 req/s · 남은 147분
    1,900/40,956 · 4.4 req/s · 남은 147분
    2,000/40,956 · 4.4 req/s · 남은 146분
    2,100/40,956 · 4.4 req/s · 남은 146분
    2,200/40,956 · 4.5 req/s · 남은 145분
    2,300/40,956 · 4.5 req/s · 남은 145분
    2,400/40,956 · 4.5 req/s · 남은 144분
    2,500/40,956 · 4.5 req/s · 남은 144분
    2,600/40,956 · 4.5 req/s · 남은 143분
    2,700/40,956 · 4.5 req/s · 남은 143분
    2,800/40,956 · 4.5 req/s · 남은 142분
    2,900/40,956 · 4.4 req/s · 남은 143분
    3,000/40,956 · 4.5 req/s · 남은 142분
    3,100/40,956 · 4.5 req/s · 남은 142분
    3,200/40,956 · 4.5 req/s · 남은 141분
    3,300/40,956 · 4.5 req/s · 남은 141분
    3,400/40,956 · 4.5 req/s · 남은 140분
    3,500/40,956 · 4.5 req/s · 남은 140분
    3,600/40,956 · 4.5 req/s · 남은 139분
    3,700/40,956 · 4.5 req/s · 남은 139분
    3,800/40,956 · 4.5 req/s · 남은 139분
    3,900/40,956 · 4.5 req/s · 남은 138분
    4,000/40,956 · 4.5 req/s · 남은 138분
    4,100/40,956 · 4.5 req/s · 남은 138분
    4,200/40,956 · 4.5 req/s · 남은 137분
    4,300/40,956 · 4.5 req/s · 남은 137분
    4,400/40,956 · 4.5 req/s · 남은 137분
    4,500/40,956 · 4.5 req/s · 남은 136분
    4,600/40,956 · 4.5 req/s · 남은 136분
    4,700/40,956 · 4.5 req/s · 남은 135분
    4,800/40,956 · 4.5 req/s · 남은 135분
    4,900/40,956 · 4.5 req/s · 남은 134분
    5,000/40,956 · 4.5 req/s · 남은 134분
    5,100/40,956 · 4.5 req/s · 남은 134분
    5,200/40,956 · 4.5 req/s · 남은 133분
    5,300/40,956 · 4.5 req/s · 남은 133분
    5,400/40,956 · 4.5 req/s · 남은 132분
    5,500/40,956 · 4.5 req/s · 남은 132분
    5,600/40,956 · 4.5 req/s · 남은 132분
    5,700/40,956 · 4.5 req/s · 남은 131분
    5,800/40,956 · 4.5 req/s · 남은 131분
    5,900/40,956 · 4.5 req/s · 남은 130분
    6,000/40,956 · 4.5 req/s · 남은 130분
    6,100/40,956 · 4.5 req/s · 남은 130분
    6,200/40,956 · 4.5 req/s · 남은 129분
    6,300/40,956 · 4.5 req/s · 남은 129분
    6,400/40,956 · 4.5 req/s · 남은 128분
    6,500/40,956 · 4.5 req/s · 남은 128분
    6,600/40,956 · 4.5 req/s · 남은 128분
    6,700/40,956 · 4.5 req/s · 남은 127분
    6,800/40,956 · 4.5 req/s · 남은 127분
    6,900/40,956 · 4.5 req/s · 남은 126분
    7,000/40,956 · 4.5 req/s · 남은 126분
    7,100/40,956 · 4.5 req/s · 남은 126분
    7,200/40,956 · 4.5 req/s · 남은 125분
    7,300/40,956 · 4.5 req/s · 남은 125분
    7,400/40,956 · 4.5 req/s · 남은 124분
    7,500/40,956 · 4.5 req/s · 남은 124분
    7,600/40,956 · 4.5 req/s · 남은 124분
    7,700/40,956 · 4.5 req/s · 남은 123분
    7,800/40,956 · 4.5 req/s · 남은 123분
    7,900/40,956 · 4.5 req/s · 남은 123분
    8,000/40,956 · 4.5 req/s · 남은 122분
    8,100/40,956 · 4.5 req/s · 남은 122분
    8,200/40,956 · 4.5 req/s · 남은 121분
    8,300/40,956 · 4.5 req/s · 남은 121분
    8,400/40,956 · 4.5 req/s · 남은 121분
    8,500/40,956 · 4.5 req/s · 남은 120분
    8,600/40,956 · 4.5 req/s · 남은 120분
    8,700/40,956 · 4.5 req/s · 남은 120분
    8,800/40,956 · 4.5 req/s · 남은 119분
    8,900/40,956 · 4.5 req/s · 남은 119분
    9,000/40,956 · 4.5 req/s · 남은 118분
    9,100/40,956 · 4.5 req/s · 남은 118분
    9,200/40,956 · 4.5 req/s · 남은 118분

=== 2026-08-17 22:16:18 · PLAN-054 encode arctic · 간격 0.22s ===
  [B8] 문서 40,956건 · 신규 31,697 · 캐시 재사용 9,259 · 절단 13 · 간격 0.22s

=== 2026-08-17 22:17:59 · PLAN-054 encode arctic · 간격 0.22s ===
  [B8] 문서 40,956건 · 신규 31,697 · 캐시 재사용 9,259 · 절단 13 · 간격 0.22s
    100/31,697 · 4.5 req/s · 남은 117분
    200/31,697 · 4.5 req/s · 남은 116분
    300/31,697 · 4.5 req/s · 남은 116분
    400/31,697 · 4.5 req/s · 남은 115분
    500/31,697 · 4.5 req/s · 남은 115분
    600/31,697 · 4.5 req/s · 남은 114분
    700/31,697 · 4.5 req/s · 남은 114분
    800/31,697 · 4.5 req/s · 남은 113분
    900/31,697 · 4.5 req/s · 남은 113분
    1,000/31,697 · 4.5 req/s · 남은 113분
    1,100/31,697 · 4.5 req/s · 남은 112분
    1,200/31,697 · 4.5 req/s · 남은 112분
    1,300/31,697 · 4.5 req/s · 남은 112분
    1,400/31,697 · 4.5 req/s · 남은 111분
    1,500/31,697 · 4.5 req/s · 남은 111분
    1,600/31,697 · 4.5 req/s · 남은 111분
    1,700/31,697 · 4.5 req/s · 남은 110분
    1,800/31,697 · 4.5 req/s · 남은 110분
    1,900/31,697 · 4.5 req/s · 남은 109분
    2,000/31,697 · 4.5 req/s · 남은 109분
    2,100/31,697 · 4.5 req/s · 남은 109분
    2,200/31,697 · 4.5 req/s · 남은 108분
    2,300/31,697 · 4.5 req/s · 남은 108분
    2,400/31,697 · 4.5 req/s · 남은 108분
    2,500/31,697 · 4.5 req/s · 남은 107분
    2,600/31,697 · 4.5 req/s · 남은 107분
    2,700/31,697 · 4.5 req/s · 남은 106분
    2,800/31,697 · 4.5 req/s · 남은 106분
    2,900/31,697 · 4.5 req/s · 남은 106분
    3,000/31,697 · 4.5 req/s · 남은 105분
    3,100/31,697 · 4.5 req/s · 남은 105분
    3,200/31,697 · 4.5 req/s · 남은 105분
    3,300/31,697 · 4.5 req/s · 남은 104분
    3,400/31,697 · 4.5 req/s · 남은 104분
    3,500/31,697 · 4.5 req/s · 남은 104분
    3,600/31,697 · 4.5 req/s · 남은 103분
    3,700/31,697 · 4.5 req/s · 남은 103분
    3,800/31,697 · 4.5 req/s · 남은 102분
    3,900/31,697 · 4.5 req/s · 남은 102분
    4,000/31,697 · 4.5 req/s · 남은 102분
    4,100/31,697 · 4.5 req/s · 남은 101분
    4,200/31,697 · 4.5 req/s · 남은 101분
    4,300/31,697 · 4.5 req/s · 남은 101분
    4,400/31,697 · 4.5 req/s · 남은 100분
    4,500/31,697 · 4.5 req/s · 남은 100분
    4,600/31,697 · 4.5 req/s · 남은 100분
    4,700/31,697 · 4.5 req/s · 남은 99분
    4,800/31,697 · 4.5 req/s · 남은 99분
    4,900/31,697 · 4.5 req/s · 남은 98분
    5,000/31,697 · 4.5 req/s · 남은 98분
    5,100/31,697 · 4.5 req/s · 남은 98분
    5,200/31,697 · 4.5 req/s · 남은 97분
    5,300/31,697 · 4.5 req/s · 남은 97분
    5,400/31,697 · 4.5 req/s · 남은 97분
    5,500/31,697 · 4.5 req/s · 남은 96분
    5,600/31,697 · 4.5 req/s · 남은 96분
    5,700/31,697 · 4.5 req/s · 남은 96분
    5,800/31,697 · 4.5 req/s · 남은 95분
    5,900/31,697 · 4.5 req/s · 남은 95분
    6,000/31,697 · 4.5 req/s · 남은 94분
    6,100/31,697 · 4.5 req/s · 남은 94분
    6,200/31,697 · 4.5 req/s · 남은 94분
    6,300/31,697 · 4.5 req/s · 남은 93분
    6,400/31,697 · 4.5 req/s · 남은 93분
    6,500/31,697 · 4.5 req/s · 남은 93분
    6,600/31,697 · 4.5 req/s · 남은 92분
    6,700/31,697 · 4.5 req/s · 남은 92분
    6,800/31,697 · 4.5 req/s · 남은 91분
    6,900/31,697 · 4.5 req/s · 남은 91분
    7,000/31,697 · 4.5 req/s · 남은 91분
    7,100/31,697 · 4.5 req/s · 남은 90분
    7,200/31,697 · 4.5 req/s · 남은 90분
    7,300/31,697 · 4.5 req/s · 남은 90분
    7,400/31,697 · 4.5 req/s · 남은 89분
    7,500/31,697 · 4.5 req/s · 남은 89분
    7,600/31,697 · 4.5 req/s · 남은 89분
    7,700/31,697 · 4.5 req/s · 남은 88분
    7,800/31,697 · 4.5 req/s · 남은 88분
    7,900/31,697 · 4.5 req/s · 남은 87분
    8,000/31,697 · 4.5 req/s · 남은 87분
    8,100/31,697 · 4.5 req/s · 남은 87분
    8,200/31,697 · 4.5 req/s · 남은 86분
    8,300/31,697 · 4.5 req/s · 남은 86분
    8,400/31,697 · 4.5 req/s · 남은 86분
    8,500/31,697 · 4.5 req/s · 남은 85분
    8,600/31,697 · 4.5 req/s · 남은 85분
    8,700/31,697 · 4.5 req/s · 남은 84분
    8,800/31,697 · 4.5 req/s · 남은 84분
    8,900/31,697 · 4.5 req/s · 남은 84분
    9,000/31,697 · 4.5 req/s · 남은 83분
    9,100/31,697 · 4.5 req/s · 남은 83분
    9,200/31,697 · 4.5 req/s · 남은 83분
    9,300/31,697 · 4.5 req/s · 남은 82분
    9,400/31,697 · 4.5 req/s · 남은 82분
    9,500/31,697 · 4.5 req/s · 남은 82분
    9,600/31,697 · 4.5 req/s · 남은 81분
    9,700/31,697 · 4.5 req/s · 남은 81분
    9,800/31,697 · 4.5 req/s · 남은 80분
    9,900/31,697 · 4.5 req/s · 남은 80분
    10,000/31,697 · 4.5 req/s · 남은 80분
    10,100/31,697 · 4.5 req/s · 남은 79분
    10,200/31,697 · 4.5 req/s · 남은 79분
    10,300/31,697 · 4.5 req/s · 남은 79분
    10,400/31,697 · 4.5 req/s · 남은 78분
    10,500/31,697 · 4.5 req/s · 남은 78분
    10,600/31,697 · 4.5 req/s · 남은 77분
    10,700/31,697 · 4.5 req/s · 남은 77분
    10,800/31,697 · 4.5 req/s · 남은 77분
    10,900/31,697 · 4.5 req/s · 남은 76분
    11,000/31,697 · 4.5 req/s · 남은 76분
    11,100/31,697 · 4.5 req/s · 남은 76분
    11,200/31,697 · 4.5 req/s · 남은 75분
    11,300/31,697 · 4.5 req/s · 남은 75분
    11,400/31,697 · 4.5 req/s · 남은 75분
    11,500/31,697 · 4.5 req/s · 남은 74분
    11,600/31,697 · 4.5 req/s · 남은 74분
    11,700/31,697 · 4.5 req/s · 남은 73분
    11,800/31,697 · 4.5 req/s · 남은 73분
    11,900/31,697 · 4.5 req/s · 남은 73분
    12,000/31,697 · 4.5 req/s · 남은 72분
    12,100/31,697 · 4.5 req/s · 남은 72분
    12,200/31,697 · 4.5 req/s · 남은 72분
    12,300/31,697 · 4.5 req/s · 남은 71분
    12,400/31,697 · 4.5 req/s · 남은 71분
    12,500/31,697 · 4.5 req/s · 남은 71분
    12,600/31,697 · 4.5 req/s · 남은 70분
    12,700/31,697 · 4.5 req/s · 남은 70분
    12,800/31,697 · 4.5 req/s · 남은 69분
    12,900/31,697 · 4.5 req/s · 남은 69분
    13,000/31,697 · 4.5 req/s · 남은 69분
    13,100/31,697 · 4.5 req/s · 남은 68분
    13,200/31,697 · 4.5 req/s · 남은 68분
    13,300/31,697 · 4.5 req/s · 남은 68분
    13,400/31,697 · 4.5 req/s · 남은 67분
    13,500/31,697 · 4.5 req/s · 남은 67분
    13,600/31,697 · 4.5 req/s · 남은 66분
    13,700/31,697 · 4.5 req/s · 남은 66분
    13,800/31,697 · 4.5 req/s · 남은 66분
    13,900/31,697 · 4.5 req/s · 남은 65분
    14,000/31,697 · 4.5 req/s · 남은 65분
    14,100/31,697 · 4.5 req/s · 남은 65분
    14,200/31,697 · 4.5 req/s · 남은 64분
    14,300/31,697 · 4.5 req/s · 남은 64분
    14,400/31,697 · 4.5 req/s · 남은 64분
    14,500/31,697 · 4.5 req/s · 남은 63분
    14,600/31,697 · 4.5 req/s · 남은 63분
    14,700/31,697 · 4.5 req/s · 남은 62분
    14,800/31,697 · 4.5 req/s · 남은 62분
    14,900/31,697 · 4.5 req/s · 남은 62분
    15,000/31,697 · 4.5 req/s · 남은 61분
    15,100/31,697 · 4.5 req/s · 남은 61분
    15,200/31,697 · 4.5 req/s · 남은 61분
    15,300/31,697 · 4.5 req/s · 남은 60분
    15,400/31,697 · 4.5 req/s · 남은 60분
    15,500/31,697 · 4.5 req/s · 남은 59분
    15,600/31,697 · 4.5 req/s · 남은 59분
    15,700/31,697 · 4.5 req/s · 남은 59분
    15,800/31,697 · 4.5 req/s · 남은 58분
    15,900/31,697 · 4.5 req/s · 남은 58분
    16,000/31,697 · 4.5 req/s · 남은 58분
    16,100/31,697 · 4.5 req/s · 남은 57분
    16,200/31,697 · 4.5 req/s · 남은 57분
    16,300/31,697 · 4.5 req/s · 남은 57분
    16,400/31,697 · 4.5 req/s · 남은 56분
    16,500/31,697 · 4.5 req/s · 남은 56분
    16,600/31,697 · 4.5 req/s · 남은 55분
    16,700/31,697 · 4.5 req/s · 남은 55분
    16,800/31,697 · 4.5 req/s · 남은 55분
    16,900/31,697 · 4.5 req/s · 남은 54분
    17,000/31,697 · 4.5 req/s · 남은 54분
    17,100/31,697 · 4.5 req/s · 남은 54분
    17,200/31,697 · 4.5 req/s · 남은 53분
    17,300/31,697 · 4.5 req/s · 남은 53분
    17,400/31,697 · 4.5 req/s · 남은 52분
    17,500/31,697 · 4.5 req/s · 남은 52분
    17,600/31,697 · 4.5 req/s · 남은 52분
    17,700/31,697 · 4.5 req/s · 남은 51분
    17,800/31,697 · 4.5 req/s · 남은 51분
    17,900/31,697 · 4.5 req/s · 남은 51분
    18,000/31,697 · 4.5 req/s · 남은 50분
    18,100/31,697 · 4.5 req/s · 남은 50분
    18,200/31,697 · 4.5 req/s · 남은 50분
    18,300/31,697 · 4.5 req/s · 남은 49분
    18,400/31,697 · 4.5 req/s · 남은 49분
    18,500/31,697 · 4.5 req/s · 남은 48분
    18,600/31,697 · 4.5 req/s · 남은 48분
    18,700/31,697 · 4.5 req/s · 남은 48분
    18,800/31,697 · 4.5 req/s · 남은 47분
    18,900/31,697 · 4.5 req/s · 남은 47분
    19,000/31,697 · 4.5 req/s · 남은 47분
    19,100/31,697 · 4.5 req/s · 남은 46분
    19,200/31,697 · 4.5 req/s · 남은 46분
    19,300/31,697 · 4.5 req/s · 남은 46분
    19,400/31,697 · 4.5 req/s · 남은 45분
    19,500/31,697 · 4.5 req/s · 남은 45분
    19,600/31,697 · 4.5 req/s · 남은 44분
    19,700/31,697 · 4.5 req/s · 남은 44분
    19,800/31,697 · 4.5 req/s · 남은 44분
    19,900/31,697 · 4.5 req/s · 남은 43분
    20,000/31,697 · 4.5 req/s · 남은 43분
    20,100/31,697 · 4.5 req/s · 남은 43분
    20,200/31,697 · 4.5 req/s · 남은 42분
    20,300/31,697 · 4.5 req/s · 남은 42분
    20,400/31,697 · 4.5 req/s · 남은 41분
    20,500/31,697 · 4.5 req/s · 남은 41분
    20,600/31,697 · 4.5 req/s · 남은 41분
    20,700/31,697 · 4.5 req/s · 남은 40분
    20,800/31,697 · 4.5 req/s · 남은 40분
    20,900/31,697 · 4.5 req/s · 남은 40분
    21,000/31,697 · 4.5 req/s · 남은 39분
    21,100/31,697 · 4.5 req/s · 남은 39분
    21,200/31,697 · 4.5 req/s · 남은 39분
    21,300/31,697 · 4.5 req/s · 남은 38분
    21,400/31,697 · 4.5 req/s · 남은 38분
    21,500/31,697 · 4.5 req/s · 남은 37분
    21,600/31,697 · 4.5 req/s · 남은 37분
    21,700/31,697 · 4.5 req/s · 남은 37분
    21,800/31,697 · 4.5 req/s · 남은 36분
    21,900/31,697 · 4.5 req/s · 남은 36분
    22,000/31,697 · 4.5 req/s · 남은 36분
    22,100/31,697 · 4.5 req/s · 남은 35분
    22,200/31,697 · 4.5 req/s · 남은 35분
    22,300/31,697 · 4.5 req/s · 남은 35분
    22,400/31,697 · 4.5 req/s · 남은 34분
    22,500/31,697 · 4.5 req/s · 남은 34분
    22,600/31,697 · 4.5 req/s · 남은 33분
    22,700/31,697 · 4.5 req/s · 남은 33분
    22,800/31,697 · 4.5 req/s · 남은 33분
    22,900/31,697 · 4.5 req/s · 남은 32분
    23,000/31,697 · 4.5 req/s · 남은 32분
    23,100/31,697 · 4.5 req/s · 남은 32분
    23,200/31,697 · 4.5 req/s · 남은 31분
    23,300/31,697 · 4.5 req/s · 남은 31분
    23,400/31,697 · 4.5 req/s · 남은 30분
    23,500/31,697 · 4.5 req/s · 남은 30분
    23,600/31,697 · 4.5 req/s · 남은 30분
    23,700/31,697 · 4.5 req/s · 남은 29분
    23,800/31,697 · 4.5 req/s · 남은 29분
    23,900/31,697 · 4.5 req/s · 남은 29분
    24,000/31,697 · 4.5 req/s · 남은 28분
    24,100/31,697 · 4.5 req/s · 남은 28분
    24,200/31,697 · 4.5 req/s · 남은 28분
    24,300/31,697 · 4.5 req/s · 남은 27분
    24,400/31,697 · 4.5 req/s · 남은 27분
    24,500/31,697 · 4.5 req/s · 남은 26분
    24,600/31,697 · 4.5 req/s · 남은 26분
    24,700/31,697 · 4.5 req/s · 남은 26분
    24,800/31,697 · 4.5 req/s · 남은 25분
    24,900/31,697 · 4.5 req/s · 남은 25분
    25,000/31,697 · 4.5 req/s · 남은 25분
    25,100/31,697 · 4.5 req/s · 남은 24분
    25,200/31,697 · 4.5 req/s · 남은 24분
    25,300/31,697 · 4.5 req/s · 남은 23분
    25,400/31,697 · 4.5 req/s · 남은 23분
    25,500/31,697 · 4.5 req/s · 남은 23분
    25,600/31,697 · 4.5 req/s · 남은 22분
    25,700/31,697 · 4.5 req/s · 남은 22분
    25,800/31,697 · 4.5 req/s · 남은 22분
    25,900/31,697 · 4.5 req/s · 남은 21분
    26,000/31,697 · 4.5 req/s · 남은 21분
    26,100/31,697 · 4.5 req/s · 남은 21분
    26,200/31,697 · 4.5 req/s · 남은 20분
    26,300/31,697 · 4.5 req/s · 남은 20분
    26,400/31,697 · 4.5 req/s · 남은 19분
    26,500/31,697 · 4.5 req/s · 남은 19분
    26,600/31,697 · 4.5 req/s · 남은 19분
    26,700/31,697 · 4.5 req/s · 남은 18분
    26,800/31,697 · 4.5 req/s · 남은 18분
    26,900/31,697 · 4.5 req/s · 남은 18분
    27,000/31,697 · 4.5 req/s · 남은 17분
    27,100/31,697 · 4.5 req/s · 남은 17분
    27,200/31,697 · 4.5 req/s · 남은 17분
    27,300/31,697 · 4.5 req/s · 남은 16분
    27,400/31,697 · 4.5 req/s · 남은 16분
    27,500/31,697 · 4.5 req/s · 남은 15분
    27,600/31,697 · 4.5 req/s · 남은 15분
    27,700/31,697 · 4.5 req/s · 남은 15분
    27,800/31,697 · 4.5 req/s · 남은 14분
    27,900/31,697 · 4.5 req/s · 남은 14분
    28,000/31,697 · 4.5 req/s · 남은 14분
    28,100/31,697 · 4.5 req/s · 남은 13분
    28,200/31,697 · 4.5 req/s · 남은 13분
    28,300/31,697 · 4.5 req/s · 남은 12분
    28,400/31,697 · 4.5 req/s · 남은 12분
    28,500/31,697 · 4.5 req/s · 남은 12분
    28,600/31,697 · 4.5 req/s · 남은 11분
    28,700/31,697 · 4.5 req/s · 남은 11분
    28,800/31,697 · 4.5 req/s · 남은 11분
    28,900/31,697 · 4.5 req/s · 남은 10분
    29,000/31,697 · 4.5 req/s · 남은 10분
    29,100/31,697 · 4.5 req/s · 남은 10분
    29,200/31,697 · 4.5 req/s · 남은 9분
    29,300/31,697 · 4.5 req/s · 남은 9분
    29,400/31,697 · 4.5 req/s · 남은 8분
    29,500/31,697 · 4.5 req/s · 남은 8분
    29,600/31,697 · 4.5 req/s · 남은 8분
    29,700/31,697 · 4.5 req/s · 남은 7분
    29,800/31,697 · 4.5 req/s · 남은 7분
    29,900/31,697 · 4.5 req/s · 남은 7분
    30,000/31,697 · 4.5 req/s · 남은 6분
    30,100/31,697 · 4.5 req/s · 남은 6분
    30,200/31,697 · 4.5 req/s · 남은 5분
    30,300/31,697 · 4.5 req/s · 남은 5분
    30,400/31,697 · 4.5 req/s · 남은 5분
    30,500/31,697 · 4.5 req/s · 남은 4분
    30,600/31,697 · 4.5 req/s · 남은 4분
    30,700/31,697 · 4.5 req/s · 남은 4분
    30,800/31,697 · 4.5 req/s · 남은 3분
    30,900/31,697 · 4.5 req/s · 남은 3분
    31,000/31,697 · 4.5 req/s · 남은 3분
    31,100/31,697 · 4.5 req/s · 남은 2분
    31,200/31,697 · 4.5 req/s · 남은 2분
    31,300/31,697 · 4.5 req/s · 남은 1분
    31,400/31,697 · 4.5 req/s · 남은 1분
    31,500/31,697 · 4.5 req/s · 남은 1분
    31,600/31,697 · 4.5 req/s · 남은 0분
  [B8] 질의 1,000건 · 신규 1,000 · 캐시 재사용 0 · 절단 1 · 간격 0.22s
    100/1,000 · 4.5 req/s · 남은 3분
    200/1,000 · 4.5 req/s · 남은 3분
    300/1,000 · 4.5 req/s · 남은 3분
    400/1,000 · 4.5 req/s · 남은 2분
    500/1,000 · 4.5 req/s · 남은 2분
    600/1,000 · 4.5 req/s · 남은 1분
    700/1,000 · 4.4 req/s · 남은 1분
    800/1,000 · 4.4 req/s · 남은 1분
    900/1,000 · 4.4 req/s · 남은 0분
    1,000/1,000 · 4.5 req/s · 남은 0분
  질의 1,000건 · 문서 절단 13 · 질의 절단 1
  run → /home/arkwith/Dev/SKKU/sdkb-prior-art-paper/data/processed/ir/runs/dense_b8_claim.txt
  [B8] 문서 40,956건 · 신규 0 · 캐시 재사용 40,956 · 절단 13 · 간격 0.22s
  [B8] 질의 200건 · 신규 200 · 캐시 재사용 0 · 절단 0 · 간격 0.22s
    100/200 · 4.4 req/s · 남은 0분
    200/200 · 4.5 req/s · 남은 0분
  질의 200건 · 문서 절단 13 · 질의 절단 0
  run → /home/arkwith/Dev/SKKU/sdkb-prior-art-paper/data/processed/ir/runs/dense_b8_claim_B.txt
