
=== 2026-08-17 17:50:39 · PLAN-054 encode bge-m3 · 간격 0.22s ===
  [B6] 문서 40,956건 · 신규 37,932 · 캐시 재사용 3,024 · 절단 13 · 간격 0.22s
    100/37,932 · 3.4 req/s · 남은 184분
    200/37,932 · 3.7 req/s · 남은 168분
    300/37,932 · 3.9 req/s · 남은 163분
    400/37,932 · 4.0 req/s · 남은 156분
    500/37,932 · 4.1 req/s · 남은 152분
    600/37,932 · 4.2 req/s · 남은 149분
    700/37,932 · 4.2 req/s · 남은 147분
    800/37,932 · 4.2 req/s · 남은 148분
    900/37,932 · 4.2 req/s · 남은 146분
    1,000/37,932 · 4.3 req/s · 남은 145분
    1,100/37,932 · 4.2 req/s · 남은 145분
    1,200/37,932 · 4.3 req/s · 남은 144분
    1,300/37,932 · 4.3 req/s · 남은 143분
    1,400/37,932 · 4.3 req/s · 남은 142분
    1,500/37,932 · 4.3 req/s · 남은 141분
    1,600/37,932 · 4.3 req/s · 남은 140분
    1,700/37,932 · 4.3 req/s · 남은 139분
    1,800/37,932 · 4.3 req/s · 남은 139분
    1,900/37,932 · 4.4 req/s · 남은 138분
    2,000/37,932 · 4.4 req/s · 남은 137분
    2,100/37,932 · 4.4 req/s · 남은 137분
    2,200/37,932 · 4.4 req/s · 남은 136분
    2,300/37,932 · 4.4 req/s · 남은 135분
    2,400/37,932 · 4.4 req/s · 남은 135분
    2,500/37,932 · 4.4 req/s · 남은 134분
    2,600/37,932 · 4.4 req/s · 남은 134분
    2,700/37,932 · 4.4 req/s · 남은 133분
    2,800/37,932 · 4.4 req/s · 남은 133분
    2,900/37,932 · 4.4 req/s · 남은 132분
    3,000/37,932 · 4.4 req/s · 남은 132분
    3,100/37,932 · 4.4 req/s · 남은 131분
    3,200/37,932 · 4.4 req/s · 남은 131분
    3,300/37,932 · 4.4 req/s · 남은 130분
    3,400/37,932 · 4.4 req/s · 남은 130분
    3,500/37,932 · 4.4 req/s · 남은 129분
    3,600/37,932 · 4.4 req/s · 남은 129분
    3,700/37,932 · 4.4 req/s · 남은 128분
    3,800/37,932 · 4.4 req/s · 남은 128분
    3,900/37,932 · 4.4 req/s · 남은 128분
    4,000/37,932 · 4.4 req/s · 남은 127분
    4,100/37,932 · 4.5 req/s · 남은 127분
    4,200/37,932 · 4.5 req/s · 남은 126분
    4,300/37,932 · 4.5 req/s · 남은 126분
    4,400/37,932 · 4.5 req/s · 남은 125분
    4,500/37,932 · 4.5 req/s · 남은 125분
    4,600/37,932 · 4.5 req/s · 남은 125분
    4,700/37,932 · 4.5 req/s · 남은 124분
    4,800/37,932 · 4.5 req/s · 남은 124분
    4,900/37,932 · 4.5 req/s · 남은 123분
    5,000/37,932 · 4.5 req/s · 남은 123분
    5,100/37,932 · 4.5 req/s · 남은 122분
    5,200/37,932 · 4.5 req/s · 남은 122분
    5,300/37,932 · 4.5 req/s · 남은 122분
    5,400/37,932 · 4.5 req/s · 남은 121분
    5,500/37,932 · 4.5 req/s · 남은 121분
    5,600/37,932 · 4.5 req/s · 남은 120분
    5,700/37,932 · 4.5 req/s · 남은 120분
    5,800/37,932 · 4.5 req/s · 남은 120분
    5,900/37,932 · 4.5 req/s · 남은 119분
    6,000/37,932 · 4.5 req/s · 남은 119분
    6,100/37,932 · 4.5 req/s · 남은 118분
    6,200/37,932 · 4.5 req/s · 남은 118분
    6,300/37,932 · 4.5 req/s · 남은 118분
    6,400/37,932 · 4.5 req/s · 남은 118분
    6,500/37,932 · 4.5 req/s · 남은 117분
    6,600/37,932 · 4.5 req/s · 남은 117분
    6,700/37,932 · 4.5 req/s · 남은 116분
    6,800/37,932 · 4.5 req/s · 남은 116분
    6,900/37,932 · 4.5 req/s · 남은 116분
    7,000/37,932 · 4.5 req/s · 남은 115분
    7,100/37,932 · 4.5 req/s · 남은 115분
    7,200/37,932 · 4.5 req/s · 남은 114분
    7,300/37,932 · 4.5 req/s · 남은 114분
    7,400/37,932 · 4.5 req/s · 남은 114분
    7,500/37,932 · 4.5 req/s · 남은 113분
    7,600/37,932 · 4.5 req/s · 남은 113분
    7,700/37,932 · 4.5 req/s · 남은 112분
    7,800/37,932 · 4.5 req/s · 남은 112분
    7,900/37,932 · 4.5 req/s · 남은 112분
    8,000/37,932 · 4.5 req/s · 남은 111분
    8,100/37,932 · 4.5 req/s · 남은 111분
    8,200/37,932 · 4.5 req/s · 남은 111분
    8,300/37,932 · 4.5 req/s · 남은 110분
    8,400/37,932 · 4.5 req/s · 남은 110분
    8,500/37,932 · 4.5 req/s · 남은 109분
    8,600/37,932 · 4.5 req/s · 남은 109분
    8,700/37,932 · 4.5 req/s · 남은 109분
    8,800/37,932 · 4.5 req/s · 남은 108분
    8,900/37,932 · 4.5 req/s · 남은 108분
    9,000/37,932 · 4.5 req/s · 남은 107분
    9,100/37,932 · 4.5 req/s · 남은 107분
    9,200/37,932 · 4.5 req/s · 남은 107분
    9,300/37,932 · 4.5 req/s · 남은 106분
    9,400/37,932 · 4.5 req/s · 남은 106분
    9,500/37,932 · 4.5 req/s · 남은 106분
    9,600/37,932 · 4.5 req/s · 남은 105분
    9,700/37,932 · 4.5 req/s · 남은 105분
    9,800/37,932 · 4.5 req/s · 남은 104분
    9,900/37,932 · 4.5 req/s · 남은 104분
    10,000/37,932 · 4.5 req/s · 남은 104분
    10,100/37,932 · 4.5 req/s · 남은 103분
    10,200/37,932 · 4.5 req/s · 남은 103분
    10,300/37,932 · 4.5 req/s · 남은 102분
    10,400/37,932 · 4.5 req/s · 남은 102분
    10,500/37,932 · 4.5 req/s · 남은 102분
    10,600/37,932 · 4.5 req/s · 남은 101분
    10,700/37,932 · 4.5 req/s · 남은 101분
    10,800/37,932 · 4.5 req/s · 남은 101분
    10,900/37,932 · 4.5 req/s · 남은 100분
    11,000/37,932 · 4.5 req/s · 남은 100분
    11,100/37,932 · 4.5 req/s · 남은 99분
    11,200/37,932 · 4.5 req/s · 남은 99분
    11,300/37,932 · 4.5 req/s · 남은 99분
    11,400/37,932 · 4.5 req/s · 남은 98분
    11,500/37,932 · 4.5 req/s · 남은 98분
    11,600/37,932 · 4.5 req/s · 남은 98분
    11,700/37,932 · 4.5 req/s · 남은 97분
    11,800/37,932 · 4.5 req/s · 남은 97분
    11,900/37,932 · 4.5 req/s · 남은 96분
    12,000/37,932 · 4.5 req/s · 남은 96분
    12,100/37,932 · 4.5 req/s · 남은 96분
    12,200/37,932 · 4.5 req/s · 남은 95분
    12,300/37,932 · 4.5 req/s · 남은 95분
    12,400/37,932 · 4.5 req/s · 남은 95분
    12,500/37,932 · 4.5 req/s · 남은 94분
    12,600/37,932 · 4.5 req/s · 남은 94분
    12,700/37,932 · 4.5 req/s · 남은 93분
    12,800/37,932 · 4.5 req/s · 남은 93분
    12,900/37,932 · 4.5 req/s · 남은 93분
    13,000/37,932 · 4.5 req/s · 남은 92분
    13,100/37,932 · 4.5 req/s · 남은 92분
    13,200/37,932 · 4.5 req/s · 남은 92분
    13,300/37,932 · 4.5 req/s · 남은 91분
    13,400/37,932 · 4.5 req/s · 남은 91분
    13,500/37,932 · 4.5 req/s · 남은 90분
    13,600/37,932 · 4.5 req/s · 남은 90분
    13,700/37,932 · 4.5 req/s · 남은 90분
    13,800/37,932 · 4.5 req/s · 남은 89분
    13,900/37,932 · 4.5 req/s · 남은 89분
    14,000/37,932 · 4.5 req/s · 남은 89분
    14,100/37,932 · 4.5 req/s · 남은 88분
    14,200/37,932 · 4.5 req/s · 남은 88분
    14,300/37,932 · 4.5 req/s · 남은 87분
    14,400/37,932 · 4.5 req/s · 남은 87분
    14,500/37,932 · 4.5 req/s · 남은 87분
    14,600/37,932 · 4.5 req/s · 남은 86분
    14,700/37,932 · 4.5 req/s · 남은 86분
    14,800/37,932 · 4.5 req/s · 남은 86분
    14,900/37,932 · 4.5 req/s · 남은 85분
    15,000/37,932 · 4.5 req/s · 남은 85분
    15,100/37,932 · 4.5 req/s · 남은 84분
    15,200/37,932 · 4.5 req/s · 남은 84분
    15,300/37,932 · 4.5 req/s · 남은 84분
    15,400/37,932 · 4.5 req/s · 남은 83분
    15,500/37,932 · 4.5 req/s · 남은 83분
    15,600/37,932 · 4.5 req/s · 남은 83분
    15,700/37,932 · 4.5 req/s · 남은 82분
    15,800/37,932 · 4.5 req/s · 남은 82분
    15,900/37,932 · 4.5 req/s · 남은 81분
    16,000/37,932 · 4.5 req/s · 남은 81분
    16,100/37,932 · 4.5 req/s · 남은 81분
    16,200/37,932 · 4.5 req/s · 남은 80분
    16,300/37,932 · 4.5 req/s · 남은 80분
    16,400/37,932 · 4.5 req/s · 남은 80분
    16,500/37,932 · 4.5 req/s · 남은 79분
    16,600/37,932 · 4.5 req/s · 남은 79분
    16,700/37,932 · 4.5 req/s · 남은 78분
    16,800/37,932 · 4.5 req/s · 남은 78분
    16,900/37,932 · 4.5 req/s · 남은 78분
    17,000/37,932 · 4.5 req/s · 남은 77분
    17,100/37,932 · 4.5 req/s · 남은 77분
    17,200/37,932 · 4.5 req/s · 남은 77분
    17,300/37,932 · 4.5 req/s · 남은 76분
    17,400/37,932 · 4.5 req/s · 남은 76분
    17,500/37,932 · 4.5 req/s · 남은 75분
    17,600/37,932 · 4.5 req/s · 남은 75분
    17,700/37,932 · 4.5 req/s · 남은 75분
    17,800/37,932 · 4.5 req/s · 남은 74분
    17,900/37,932 · 4.5 req/s · 남은 74분
    18,000/37,932 · 4.5 req/s · 남은 74분
    18,100/37,932 · 4.5 req/s · 남은 73분
    18,200/37,932 · 4.5 req/s · 남은 73분
    18,300/37,932 · 4.5 req/s · 남은 72분
    18,400/37,932 · 4.5 req/s · 남은 72분
    18,500/37,932 · 4.5 req/s · 남은 72분
    18,600/37,932 · 4.5 req/s · 남은 71분
    18,700/37,932 · 4.5 req/s · 남은 71분
    18,800/37,932 · 4.5 req/s · 남은 71분
    18,900/37,932 · 4.5 req/s · 남은 70분
    19,000/37,932 · 4.5 req/s · 남은 70분
    19,100/37,932 · 4.5 req/s · 남은 70분
    19,200/37,932 · 4.5 req/s · 남은 69분
    19,300/37,932 · 4.5 req/s · 남은 69분
    19,400/37,932 · 4.5 req/s · 남은 68분
    19,500/37,932 · 4.5 req/s · 남은 68분
    19,600/37,932 · 4.5 req/s · 남은 68분
    19,700/37,932 · 4.5 req/s · 남은 67분
    19,800/37,932 · 4.5 req/s · 남은 67분
    19,900/37,932 · 4.5 req/s · 남은 67분
    20,000/37,932 · 4.5 req/s · 남은 66분
    20,100/37,932 · 4.5 req/s · 남은 66분
    20,200/37,932 · 4.5 req/s · 남은 65분
    20,300/37,932 · 4.5 req/s · 남은 65분
    20,400/37,932 · 4.5 req/s · 남은 65분
    20,500/37,932 · 4.5 req/s · 남은 64분
    20,600/37,932 · 4.5 req/s · 남은 64분
    20,700/37,932 · 4.5 req/s · 남은 64분
    20,800/37,932 · 4.5 req/s · 남은 63분
    20,900/37,932 · 4.5 req/s · 남은 63분
    21,000/37,932 · 4.5 req/s · 남은 62분
    21,100/37,932 · 4.5 req/s · 남은 62분
    21,200/37,932 · 4.5 req/s · 남은 62분
    21,300/37,932 · 4.5 req/s · 남은 61분
    21,400/37,932 · 4.5 req/s · 남은 61분
    21,500/37,932 · 4.5 req/s · 남은 61분
    21,600/37,932 · 4.5 req/s · 남은 60분
    21,700/37,932 · 4.5 req/s · 남은 60분
    21,800/37,932 · 4.5 req/s · 남은 59분
    21,900/37,932 · 4.5 req/s · 남은 59분
    22,000/37,932 · 4.5 req/s · 남은 59분
    22,100/37,932 · 4.5 req/s · 남은 58분
    22,200/37,932 · 4.5 req/s · 남은 58분
    22,300/37,932 · 4.5 req/s · 남은 58분
    22,400/37,932 · 4.5 req/s · 남은 57분
    22,500/37,932 · 4.5 req/s · 남은 57분
    22,600/37,932 · 4.5 req/s · 남은 57분
    22,700/37,932 · 4.5 req/s · 남은 56분
    22,800/37,932 · 4.5 req/s · 남은 56분
    22,900/37,932 · 4.5 req/s · 남은 55분
    23,000/37,932 · 4.5 req/s · 남은 55분
    23,100/37,932 · 4.5 req/s · 남은 55분
    23,200/37,932 · 4.5 req/s · 남은 54분
    23,300/37,932 · 4.5 req/s · 남은 54분
    23,400/37,932 · 4.5 req/s · 남은 54분
    23,500/37,932 · 4.5 req/s · 남은 53분
    23,600/37,932 · 4.5 req/s · 남은 53분
    23,700/37,932 · 4.5 req/s · 남은 52분
    23,800/37,932 · 4.5 req/s · 남은 52분
    23,900/37,932 · 4.5 req/s · 남은 52분
    24,000/37,932 · 4.5 req/s · 남은 51분
    24,100/37,932 · 4.5 req/s · 남은 51분
    24,200/37,932 · 4.5 req/s · 남은 51분
    24,300/37,932 · 4.5 req/s · 남은 50분
    24,400/37,932 · 4.5 req/s · 남은 50분
    24,500/37,932 · 4.5 req/s · 남은 50분
    24,600/37,932 · 4.5 req/s · 남은 49분
    24,700/37,932 · 4.5 req/s · 남은 49분
    24,800/37,932 · 4.5 req/s · 남은 48분
    24,900/37,932 · 4.5 req/s · 남은 48분
    25,000/37,932 · 4.5 req/s · 남은 48분
    25,100/37,932 · 4.5 req/s · 남은 47분
    25,200/37,932 · 4.5 req/s · 남은 47분
    25,300/37,932 · 4.5 req/s · 남은 47분
    25,400/37,932 · 4.5 req/s · 남은 46분
    25,500/37,932 · 4.5 req/s · 남은 46분
    25,600/37,932 · 4.5 req/s · 남은 45분
    25,700/37,932 · 4.5 req/s · 남은 45분
    25,800/37,932 · 4.5 req/s · 남은 45분
    25,900/37,932 · 4.5 req/s · 남은 44분
    26,000/37,932 · 4.5 req/s · 남은 44분
    26,100/37,932 · 4.5 req/s · 남은 44분
    26,200/37,932 · 4.5 req/s · 남은 43분
    26,300/37,932 · 4.5 req/s · 남은 43분
    26,400/37,932 · 4.5 req/s · 남은 42분
    26,500/37,932 · 4.5 req/s · 남은 42분
    26,600/37,932 · 4.5 req/s · 남은 42분
    26,700/37,932 · 4.5 req/s · 남은 41분
    26,800/37,932 · 4.5 req/s · 남은 41분
    26,900/37,932 · 4.5 req/s · 남은 41분
    27,000/37,932 · 4.5 req/s · 남은 40분
    27,100/37,932 · 4.5 req/s · 남은 40분
    27,200/37,932 · 4.5 req/s · 남은 40분
    27,300/37,932 · 4.5 req/s · 남은 39분
    27,400/37,932 · 4.5 req/s · 남은 39분
    27,500/37,932 · 4.5 req/s · 남은 38분
    27,600/37,932 · 4.5 req/s · 남은 38분
    27,700/37,932 · 4.5 req/s · 남은 38분
    27,800/37,932 · 4.5 req/s · 남은 37분
    27,900/37,932 · 4.5 req/s · 남은 37분
    28,000/37,932 · 4.5 req/s · 남은 37분
    28,100/37,932 · 4.5 req/s · 남은 36분
    28,200/37,932 · 4.5 req/s · 남은 36분
    28,300/37,932 · 4.5 req/s · 남은 35분
    28,400/37,932 · 4.5 req/s · 남은 35분
    28,500/37,932 · 4.5 req/s · 남은 35분
    28,600/37,932 · 4.5 req/s · 남은 34분
    28,700/37,932 · 4.5 req/s · 남은 34분
    28,800/37,932 · 4.5 req/s · 남은 34분
    28,900/37,932 · 4.5 req/s · 남은 33분
    29,000/37,932 · 4.5 req/s · 남은 33분
    29,100/37,932 · 4.5 req/s · 남은 33분
    29,200/37,932 · 4.5 req/s · 남은 32분
    29,300/37,932 · 4.5 req/s · 남은 32분
    29,400/37,932 · 4.5 req/s · 남은 31분
    29,500/37,932 · 4.5 req/s · 남은 31분
    29,600/37,932 · 4.5 req/s · 남은 31분
    29,700/37,932 · 4.5 req/s · 남은 30분
    29,800/37,932 · 4.5 req/s · 남은 30분
    29,900/37,932 · 4.5 req/s · 남은 30분
    30,000/37,932 · 4.5 req/s · 남은 29분
    30,100/37,932 · 4.5 req/s · 남은 29분
    30,200/37,932 · 4.5 req/s · 남은 28분
    30,300/37,932 · 4.5 req/s · 남은 28분
    30,400/37,932 · 4.5 req/s · 남은 28분
    30,500/37,932 · 4.5 req/s · 남은 27분
    30,600/37,932 · 4.5 req/s · 남은 27분
    30,700/37,932 · 4.5 req/s · 남은 27분
    30,800/37,932 · 4.5 req/s · 남은 26분
    30,900/37,932 · 4.5 req/s · 남은 26분
    31,000/37,932 · 4.5 req/s · 남은 26분
    31,100/37,932 · 4.5 req/s · 남은 25분
    31,200/37,932 · 4.5 req/s · 남은 25분
    31,300/37,932 · 4.5 req/s · 남은 24분
    31,400/37,932 · 4.5 req/s · 남은 24분
    31,500/37,932 · 4.5 req/s · 남은 24분
    31,600/37,932 · 4.5 req/s · 남은 23분
    31,700/37,932 · 4.5 req/s · 남은 23분
    31,800/37,932 · 4.5 req/s · 남은 23분
    31,900/37,932 · 4.5 req/s · 남은 22분
    32,000/37,932 · 4.5 req/s · 남은 22분
    32,100/37,932 · 4.5 req/s · 남은 21분
    32,200/37,932 · 4.5 req/s · 남은 21분
    32,300/37,932 · 4.5 req/s · 남은 21분
    32,400/37,932 · 4.5 req/s · 남은 20분
    32,500/37,932 · 4.5 req/s · 남은 20분
    32,600/37,932 · 4.5 req/s · 남은 20분
    32,700/37,932 · 4.5 req/s · 남은 19분
    32,800/37,932 · 4.5 req/s · 남은 19분
    32,900/37,932 · 4.5 req/s · 남은 19분
    33,000/37,932 · 4.5 req/s · 남은 18분
    33,100/37,932 · 4.5 req/s · 남은 18분
    33,200/37,932 · 4.5 req/s · 남은 17분
    33,300/37,932 · 4.5 req/s · 남은 17분
    33,400/37,932 · 4.5 req/s · 남은 17분
    33,500/37,932 · 4.5 req/s · 남은 16분
    33,600/37,932 · 4.5 req/s · 남은 16분
    33,700/37,932 · 4.5 req/s · 남은 16분
    33,800/37,932 · 4.5 req/s · 남은 15분
    33,900/37,932 · 4.5 req/s · 남은 15분
    34,000/37,932 · 4.5 req/s · 남은 14분
    34,100/37,932 · 4.5 req/s · 남은 14분
    34,200/37,932 · 4.5 req/s · 남은 14분
    34,300/37,932 · 4.5 req/s · 남은 13분
    34,400/37,932 · 4.5 req/s · 남은 13분
    34,500/37,932 · 4.5 req/s · 남은 13분
    34,600/37,932 · 4.5 req/s · 남은 12분
    34,700/37,932 · 4.5 req/s · 남은 12분
    34,800/37,932 · 4.5 req/s · 남은 12분
    34,900/37,932 · 4.5 req/s · 남은 11분
    35,000/37,932 · 4.5 req/s · 남은 11분
    35,100/37,932 · 4.5 req/s · 남은 10분
    35,200/37,932 · 4.5 req/s · 남은 10분
    35,300/37,932 · 4.5 req/s · 남은 10분
    35,400/37,932 · 4.5 req/s · 남은 9분
    35,500/37,932 · 4.5 req/s · 남은 9분
    35,600/37,932 · 4.5 req/s · 남은 9분
    35,700/37,932 · 4.5 req/s · 남은 8분
    35,800/37,932 · 4.5 req/s · 남은 8분
    35,900/37,932 · 4.5 req/s · 남은 7분
    36,000/37,932 · 4.5 req/s · 남은 7분
    36,100/37,932 · 4.5 req/s · 남은 7분
    36,200/37,932 · 4.5 req/s · 남은 6분
    36,300/37,932 · 4.5 req/s · 남은 6분
    36,400/37,932 · 4.5 req/s · 남은 6분
    36,500/37,932 · 4.5 req/s · 남은 5분
    36,600/37,932 · 4.5 req/s · 남은 5분
    36,700/37,932 · 4.5 req/s · 남은 5분
    36,800/37,932 · 4.5 req/s · 남은 4분
    36,900/37,932 · 4.5 req/s · 남은 4분
    37,000/37,932 · 4.5 req/s · 남은 3분
    37,100/37,932 · 4.5 req/s · 남은 3분
    37,200/37,932 · 4.5 req/s · 남은 3분
    37,300/37,932 · 4.5 req/s · 남은 2분
    37,400/37,932 · 4.5 req/s · 남은 2분
    37,500/37,932 · 4.5 req/s · 남은 2분
    37,600/37,932 · 4.5 req/s · 남은 1분
    37,700/37,932 · 4.5 req/s · 남은 1분
    37,800/37,932 · 4.5 req/s · 남은 0분
    37,900/37,932 · 4.5 req/s · 남은 0분
  [B6] 질의 1,000건 · 신규 1,000 · 캐시 재사용 0 · 절단 1 · 간격 0.22s
    100/1,000 · 4.6 req/s · 남은 3분
    200/1,000 · 4.6 req/s · 남은 3분
    300/1,000 · 4.5 req/s · 남은 3분
    400/1,000 · 4.5 req/s · 남은 2분
    500/1,000 · 4.5 req/s · 남은 2분
    600/1,000 · 4.5 req/s · 남은 1분
    700/1,000 · 4.5 req/s · 남은 1분
    800/1,000 · 4.5 req/s · 남은 1분
    900/1,000 · 4.5 req/s · 남은 0분
    1,000/1,000 · 4.5 req/s · 남은 0분
  질의 1,000건 · 문서 절단 13 · 질의 절단 1
  run → /home/arkwith/Dev/SKKU/sdkb-prior-art-paper/data/processed/ir/runs/dense_b6_claim.txt
  [B6] 문서 40,956건 · 신규 0 · 캐시 재사용 40,956 · 절단 13 · 간격 0.22s
  [B6] 질의 200건 · 신규 200 · 캐시 재사용 0 · 절단 0 · 간격 0.22s
    100/200 · 4.4 req/s · 남은 0분
    200/200 · 4.5 req/s · 남은 0분
  질의 200건 · 문서 절단 13 · 질의 절단 0
  run → /home/arkwith/Dev/SKKU/sdkb-prior-art-paper/data/processed/ir/runs/dense_b6_claim_B.txt
